// Vitest Snapshot v1, https://vitest.dev/guide/snapshot.html

exports[`Loading component tests > render component 1`] = `
<div>
  <div
    class="_lds_57ddc4"
    data-testid="loading"
  >
    <div
      class="_lds__roller_57ddc4"
    >
      <div />
      <div />
      <div />
      <div />
      <div />
      <div />
      <div />
      <div />
    </div>
  </div>
</div>
`;
