// Vitest Snapshot v1, https://vitest.dev/guide/snapshot.html

exports[`Filter component test > render component 1`] = `
<div>
  <div
    class="_filter_da77d8"
  >
    <span
      class="_filter__quantity_da77d8"
    >
      0
    </span>
    <input
      class="_filter__input_da77d8"
      data-testid="filter-input"
      id="input"
      placeholder="Filter podcasts..."
      type="text"
      value="fake"
    />
  </div>
</div>
`;
