// Vitest Snapshot v1, https://vitest.dev/guide/snapshot.html

exports[`MainLayout component tests > render component 1`] = `
<div>
  <div
    class="_main-layout_bbfac7"
  >
    <header
      class="_header_a4172c"
    >
      <a
        href="/"
      >
        <h2>
          Podcaster
        </h2>
      </a>
    </header>
  </div>
</div>
`;
