// Vitest Snapshot v1, https://vitest.dev/guide/snapshot.html

exports[`PodcastCardDetail component tests > render component 1`] = `
<div>
  <div
    class="_podcast-detail-card_0b225f"
  >
    <img
      alt=""
      src="https://is1-ssl.mzstatic.com/image/thumb/Podcasts113/v4/f2/21/fa/f221fabd-017f-5125-633b-f1fe4f39802a/mza_182995249085044287.jpg/170x170bb.png"
    />
    <h4>
      The Joe Budden Podcast
    </h4>
    <h5>
      The Joe Budden Network
    </h5>
    <p>
      Tune into Joe Budden and his friends. Follow along the crazy adventures of these very random friends.
    </p>
  </div>
</div>
`;
